PSN sync starting 2026-10-09T15:45:55.831Z
Library: 942 entitlements (866 games) → data/library.json
Titles on account: 528
[184/528] Guacamelee! 2 — 49/49
[183/528] Spelunky 2 — 4/32
[185/528] ELDEN RING — 42/42
[186/528] FINAL FANTASY VIII Remastered — 35/35
[187/528] Marvel's Guardians of the Galaxy — 26/59
[188/528] SOMA — 3/10
[189/528] Spyro 3: Year of the Dragon — 41/41
[190/528] Trigger Witch — 58/58
[191/528] Dodgeball Academia — 38/38
[192/528] Death's Door — 25/25
[193/528] Skyrim — 33/76
[194/528] The Jackbox Party Pack 3 — 12/20
[195/528] The Jackbox Party Pack 8 — 4/20
[197/528] Kena: Bridge of Spirits — 42/42
[196/528] Deathloop — 38/59
[198/528] Hades — 50/50
[199/528] Ratchet & Clank: Rift Apart — 47/47
[201/528] Borderlands 3 — 19/81
[200/528] Cyber Shadow — 41/41
[203/528] Trials of Mana — 44/44
[202/528] Oddworld: Soulstorm — 5/33
[204/528] Dungeons & Bombs — 51/51
[205/528] Curse of the Dead Gods — 14/31
[207/528] Super Exploding Zoo! — 19/19
[206/528] GoNNER — 20/20
[208/528] Monster Hunter: World — 24/50
[209/528] Little Nightmares II — 35/35
[210/528] Crash Bandicoot 4: It's About Time — 41/52
[211/528] The Messenger — 43/43
[212/528] Hollow Knight — 35/35
[213/528] Marvel's Spider-Man: Miles Morales — 50/50
[214/528] The Pathless — 43/43
[215/528] Owlboy — 24/24
[216/528] Pyre — 51/51
[217/528] Horizon Zero Dawn — 79/79
[218/528] The Jackbox Party Pack — 5/20
[219/528] Bloodstained: Curse of the Moon 2 — 19/19
[220/528] Crash Bandicoot — 11/25
[221/528] Paranormal Activity — 12/12
[222/528] Geometry Wars³: Dimensions — 24/31
[223/528] Shadow of the Colossus — 27/38
[224/528] Hand Of Fate — 2/53
[225/528] A Boy and His Blob — 5/21
[226/528] Spyro 2: Ripto's Rage! — 30/30
[227/528] Assassin's Creed Odyssey — 34/94
[228/528] The Little Acre — 28/28
[229/528] Friday the 13: The Game — 10/51
[230/528] Fall Guys — 21/35
[231/528] The Last of Us Remastered — 7/50
[232/528] Journey To The Savage Planet — 50/52
[233/528] BATMAN: ARKHAM VR — 13/13
[235/528] Hidden Through Time Trophies — 20/20
[234/528] KNACK — 25/42
[236/528] Thy Sword — 17/17
[237/528] Castlevania Requiem: Symphony Of The Night & Rondo Of Blood — 44/44
[238/528] The Witness — 12/14
[239/528] LEGO Batman 3 — 8/71
[240/528] FINAL FANTASY VII REMAKE — 54/54
[241/528] いけにえと雪のセツナ — 16/50
[242/528] RESIDENT EVIL 3 — 33/33
[243/528] The Room VR: A Dark Matter — 6/6
[245/528] Jeopardy! — 9/13
[244/528] Lethal VR — 14/14
[247/528] Marvel's Spider-Man — 52/74
[246/528] Raiden V: Director's Cut — 22/38
[248/528] Mega Man X Legacy Collection — 53/53
[249/528] Sonic Mania — 2/18
[250/528] Wizard of Legend — 5/20
[251/528] FINAL FANTASY XV POCKET EDITION HD — 52/52
[252/528] Fat Princess - Piece of Cake — 8/13
[253/528] Daggerhood — 16/16
[255/528] MediEvil — 39/39
[254/528] Full Throttle Remastered — 40/40
[256/528] DEATH STRANDING — 15/63
[257/528] Legend of the Skyfish — 16/16
[258/528] Devious Dungeon 2 — 26/26
[259/528] WIPEOUT OMEGA COLLECTION — 1/35
[261/528] Dauntless — 3/45
[260/528] Enter The Gungeon — 19/55
[263/528] Surgeon Simulator: Experience Reality — 10/48
[262/528] Borderlands: Game of the Year Edition — 71/81
[264/528] Gun Club VR Trophies — 21/38
[265/528] BugsBox VR Trophy — 18/46
[267/528] Statik — 16/16
[266/528] Portal Knights — 7/41
[268/528] Angry Birds VR: Isle Of Pigs — 12/12
[269/528] Mortal Blitz Trophy Set — 6/37
[270/528] Pixel Ripped 1989 Trophies — 2/14
[272/528] Slayaway Camp — 51/51
[271/528] Road Not Taken — 20/20
[274/528] JackQuest — 14/14
[273/528] Apex Legends Trophies — 2/12
[275/528] ACA NEOGEO PUZZLE BOBBLE 2 — 6/6
[276/528] Spyro the Dragon — 37/37
[277/528] RESIDENT EVIL 2 — 29/45
[278/528] THE PLAYROOM — 24/24
[279/528] Sparkle Unleashed — 9/12
[280/528] Chasm — 3/21
[281/528] Borderlands 2 VR — 3/70
[282/528] Beat Saber — 6/27
[283/528] Overcooked 2 — 6/55
[284/528] Keep Talking and Nobody Explodes — 3/10
[285/528] Adventure Pop — 9/17
[286/528] The Inpatient — 12/22
[287/528] ACCOUNTING+ — 16/16
[288/528] Song of the Deep — 10/10
[289/528] ASTRO BOT Rescue Mission — 37/37
[290/528] Little Nightmares — 11/22
[291/528] Sigi - A Fart for Melusina — 18/18
[292/528] Arizona Sunshine — 9/41
[293/528] The Persistence — 1/44
[294/528] 36 Fragments of Midnight — 12/12
[296/528] Sparkle 2 — 10/14
[295/528] Fruit Ninja — 12/13
[297/528] Heroes of Loot — 15/15
[298/528] Devious Dungeon — 24/24
[299/528] 20XX — 4/29
[300/528] GRAVITY RUSH — 11/64
[301/528] Nova-111 — 8/12
[302/528] Bloodstained: Curse of the Moon — 15/15
[303/528] Secret of Mana — 38/38
[305/528] The Swords Of Ditto — 13/21
[304/528] Darkest Dungeon — 8/69
[306/528] God of War — 37/37
[307/528] Moss Trophies — 3/39
[308/528] Knockout League — 4/31
[309/528] The Banner Saga Trophies — 21/40
[310/528] Iconoclasts — 10/11
[311/528] Vertical Drop Heroes HD — 12/12
[312/528] LittleBigPlanet PlayStationVita — 57/84
[313/528] Run Sackboy! Run! — 11/13
[314/528] Celeste — 31/31
[315/528] FINAL FANTASY XV — 51/98
[316/528] Guacamelee! Super Turbo Championship Edition — 36/36
[317/528] THE PLAYROOM VR — 44/44
[318/528] DYING : Reborn VR — 11/11
[319/528] King's Quest — 53/53
[320/528] Trivial Pursuit Live! — 13/15
[321/528] Momodora: Reverie Under the Moonlight — 9/10
[322/528] Warframe — 19/84
[323/528] Claire — 3/16
[324/528] Layers of Fear — 4/21
[325/528] Soul Demension — 13/13
[326/528] DOOM VFR — 15/15
[327/528] Slain: Back From Hell — 3/31
[329/528] Wolfenstein II: The New Colossus — 2/81
[328/528] That's You! — 1/28
[330/528] Cat Quest — 23/23
[331/528] Skyrim VR — 2/76
[332/528] Mortal Kombat X Trophies — 34/74
[333/528] Job Simulator Trophies — 12/12
[334/528] Coffin Dodgers — 23/23
[335/528] Sportsfriends — 14/14
[336/528] Wand Wars — 28/28
[337/528] Downwell — 12/23
[338/528] Hue — 12/12
[339/528] Don't Knock Twice — 29/29
[340/528] Tumble VR — 2/22
[341/528] The Escapists — 1/46
[342/528] Doodle Devil — 13/13
[343/528] Destiny 2 — 3/24
[344/528] FINAL FANTASY Ⅻ THE ZODIAC AGE — 16/41
[345/528] Trove — 6/34
[346/528] Poncho — 8/14
[347/528] Rise & Shine — 3/14
[348/528] Dead Nation: Apocalypse Edition — 7/41
[349/528] Letter Quest Remastered — 12/12
[350/528] Outlast 2 — 1/25
[351/528] Night Trap - 25th Anniversary Edition — 1/29
[352/528] Sundered — 21/21
[353/528] Mervils: A VR Adventure — 2/14
[354/528] Killing Floor 2 — 31/66
[355/528] Overwatch — 3/92
[356/528] Borderlands: The Pre-Sequel — 8/64
[357/528] Battleborn — 16/61
[358/528] Alienation — 3/42
[359/528] Wonder Boy: The Dragon's Trap — 1/13
[360/528] Lara Croft GO — 18/18
[361/528] Fat Princess Adventures — 15/29
[362/528] Adventures of Pip — 20/20
[363/528] Bard's Gold — 13/13
[364/528] STAR WARS Battlefront Trophies — 7/64
[365/528] Weeping Doll — 14/14
[366/528] Mighty No. 9 — 1/31
[367/528] Tethered — 5/32
[368/528] Overlord FOE — 4/41
[369/528] The Wolf Among Us — 36/36
[370/528] Goosebumps: The Game — 41/41
[371/528] Overcooked — 11/11
[373/528] Lumo — 5/43
[372/528] WORLD OF FINAL FANTASY — 11/49
[375/528] Super Dungeon Bros. — 3/28
[374/528] Bound — 1/27
[376/528] My Name is Mayo — 51/51
[377/528] Murdered: Soul Suspect — 49/49
[378/528] Ittle Dew 2 — 10/10
[380/528] Skyrim — 9/76
[379/528] Windlands Trophies — 1/30
[381/528] Exile's End — 9/11
[382/528] The Brookhaven Experiment Trophy Set — 2/21
[383/528] PlayStation VR Worlds — 8/27
[384/528] EVE: Valkyrie - Warzone — 2/34
[386/528] DRAGON QUEST BUILDERS — 3/20
[385/528] Here They Lie — 5/12
[388/528] Life Is Strange — 2/61
[387/528] God Eater Resurrection — 1/33
[389/528] DOOM — 34/55
[390/528] LittleBigPlanet3 — 21/38
[391/528] flOw — 4/14
[392/528] Brothers : a Tale of Two Sons — 12/12
[393/528] Oceanhorn - Monster of the Uncharted Sea — 37/37
[394/528] LEGO MARVEL Super Heroes — 46/46
[396/528] Sound Shapes — 89/89
[395/528] Jotun — 23/37
[397/528] Mad Max — 2/50
[398/528] Furi — 16/34
[399/528] South Park: The Stick of Truth — 51/51
[400/528] Adventures of MANA — 4/37
[402/528] BATMAN: ARKHAM KNIGHT — 5/110
[401/528] Extreme Exorcism — 13/13
[404/528] FINAL FANTASY X HD Remaster — 8/34
[403/528] Batman: Arkham Asylum — 20/48
[405/528] KINGDOM HEARTS Birth by Sleep FINAL MIX — 13/46
[406/528] KINGDOM HEARTS II FINAL MIX — 16/51
[407/528] God of War III Remastered — 21/35
[408/528] Hitman GO: Definitive Edition — 17/17
[409/528] Axiom Verge — 30/30
[410/528] Table Top Racing: World Tour — 5/37
[411/528] Severed — 25/25
[412/528] Ratchet & Clank — 47/47
[413/528] BAYONETTA — 43/51
[414/528] FALLOUT 3 — 19/73
[416/528] Day of the Tentacle Remastered — 58/58
[415/528] LEGO The Hobbit — 14/40
[417/528] Xeodrifter — 16/16
[418/528] Teslagrad — 37/37
[419/528] Rogue Legacy — 30/30
[420/528] Diablo III: Reaper of Souls — 42/54
[421/528] HELLDIVERS — 7/40
[422/528] Never Alone — 19/19
[423/528] PvZ Garden Warfare — 18/56
[424/528] Trine 2: Complete Story — 6/51
[425/528] Nidhogg — 9/12
[426/528] Dreamals — 8/8
[427/528] Twisted Metal: Black — 5/13
[428/528] Kitten Squad — 9/9
[429/528] Rocket League — 35/88
[430/528] FINAL FANTASY VII — 32/32
[431/528] Dying Light — 6/69
[432/528] Game of Thrones — 49/49
[433/528] MAGICKA 2 — 26/47
[434/528] Uncharted: Drake’s Fortune Remastered — 8/54
[435/528] Tales from the Borderlands — 36/36
[436/528] Bombing Buster — 13/13
[437/528] Super Time Force Ultra — 34/34
[438/528] METAL GEAR SOLID V: THE PHANTOM PAIN — 4/43
[439/528] Bastion — 7/23
[440/528] Lara Croft and the Temple of Osiris — 11/12
[441/528] Destiny — 24/61
[442/528] PlayStation All-Stars Battle Royale — 32/56
[443/528] Borderlands 2 — 54/76
[444/528] The Elder Scrolls Online Trophies — 5/124
[445/528] Shovel Knight: Treasure Trove — 29/47
[446/528] Toukiden: Kiwami — 4/50
[447/528] OlliOlli2: Welcome to Olliwood — 1/27
[448/528] Home — 1/12
[449/528] The Swapper — 10/10
[450/528] Injustice: Gods Among Us Ultimate Edition — 28/51
[452/528] Alien: Isolation — 5/51
[451/528] The Walking Dead — 49/49
[453/528] Middle-earth: Shadow of Mordor — 19/75
[454/528] The Binding of Isaac: Rebirth — 47/80
[455/528] Towerfall Ascension Trophies — 12/23
[456/528] Lords of the Fallen — 35/57
[457/528] Transistor — 13/34
[458/528] Dust: An Elysian Tail — 31/31
[459/528] Metrico — 5/11
[460/528] Velocity2X — 22/48
[461/528] Outlast — 7/14
[462/528] Arcade Archives RYGAR — 9/9
[464/528] inFAMOUS Second Son — 48/48
[463/528] FEZ — 12/12
[465/528] Stick It To the Man — 16/16
[466/528] Strider — 31/31
[468/528] Welcome Park — 13/13
[467/528] Soul Sacrifice — 26/56
[470/528] Contrast — 21/21
[469/528] Assassin's Creed IV Black Flag — 38/61
[471/528] God of War: Ghost of Sparta — 36/36
[472/528] Dungeon Siege III — 6/55
[474/528] Jetpack Joyride — 9/12
[473/528] Alice: Madness Returns — 6/51
[476/528] Galaga Legions DX — 12/12
[475/528] Battlefield 3 Trophies — 1/64
[478/528] Runner2 — 1/16
[477/528] 3D DOT GAME HEROES — 14/51
[479/528] DuckTales: Remastered — 5/20
[480/528] Mortal Kombat — 18/51
[481/528] Knytt Underground — 1/20
[482/528] Borderlands 2 — 54/70
[483/528] Rayman Origins — 11/37
[484/528] The Last of Us — 1/50
[485/528] God of War: Ascension — 36/36
[486/528] Labyrinth Legends — 10/10
[487/528] FINAL FANTASY XIII — 25/36
[488/528] Uncharted: Drake's Fortune — 36/48
[489/528] Sly 2 — 36/36
[490/528] The Baconing — 12/12
[491/528] Castlevania: Lords of Shadow — 46/54
[492/528] LittleBigPlanet2 — 47/79
[493/528] SUPER STARDUST HD — 12/17
[494/528] LittleBigPlanet — 52/70
[495/528] RESIDENT EVIL 6 — 5/71
[496/528] God of War: Chains of Olympus — 36/36
[497/528] God of War II Trophies — 35/35
[498/528] God of War Trophies — 36/36
[499/528] The Darkness II — 8/51
[500/528] Darksiders — 6/43
[501/528] Sly Minigames — 8/8
[502/528] Dante's Inferno — 43/55
[504/528] FINAL FANTASY XIII-2 — 32/32
[503/528] Sly 1 — 36/36
[505/528] Skyrim — 51/76
[506/528] Shadow of the Colossus — 19/31
[507/528] DeathSpank: Thongs Of Virtue — 13/13
[508/528] Dead Nation — 13/41
[509/528] Borderlands — 68/81
[510/528] Portal 2 — 27/51
[511/528] SPLATTERHOUSE — 40/51
[512/528] Dead Space — 49/49
[513/528] LEGO Harry Potter: Years 1-4 — 5/37
[514/528] Resonance of Fate — 2/49
[516/528] DeathSpank — 12/12
[515/528] Marvel: Ultimate Alliance 2 — 14/59
[517/528] RESIDENT EVIL 5 — 13/71
[518/528] Bionic Commando — 17/50
[519/528] ModNation Racers — 20/69
[520/528] SUPER STREET FIGHTER Ⅳ — 2/67
[521/528] BioShock — 8/66
[522/528] God of War III — 36/36
[523/528] Assassin's Creed II — 10/51
[524/528] Demon's Souls — 1/38
[525/528] inFamous — 13/50
[526/528] Uncharted 2: Among Thieves — 6/71
[527/528] Brütal Legend — 11/60
[528/528] SAW — 47/47

Done. {
  "syncedAt": "2026-10-09T15:48:16.522Z",
  "schema": 2,
  "games": 584,
  "platinums": 202,
  "completed": 246,
  "trophiesEarned": 13702,
  "trophiesRemaining": 9054,
  "legacyOnly": 56,
  "guideLinks": 243,
  "fetched": 346,
  "cached": 182,
  "failed": 0
}
next: node tools/build-slim.mjs   (rebuilds the file the web app loads)
48 titles had no legacy match (new games or renamed) — see report.
8 platform-stack name collisions suffixed — see report.
EXIT=0
